// Jest Snapshot v1, https://jestjs.io/docs/snapshot-testing

exports[`Button matches snapshot 1`] = `
<div>
  <button
    class="flex items-center justify-center focus:outline-none focus:ring-2 transition-all font-normal bg-orange-500 text-white hover:bg-orange-600 lg:w-[201px] lg:h-[49px] md:w-[181px] md:h-[39px] w-[161px] h-[29px] rounded-[8px] lg:text-[18px] md:text-[16px] font-bold"
    type="button"
  >
    Snapshot
  </button>
</div>
`;
