// Jest Snapshot v1, https://goo.gl/fbAQLP

exports[`ChartTotalTasksByProjects matches snapshot for mocked chart 1`] = `
<div>
  <div
    aria-label="Chart showing total tasks by projects"
    class="flex-1 bg-white border border-customBorder"
    id="chart-tasks-by-projects"
    role="figure"
  >
    <div
      data-testid="mocked-chart"
    />
  </div>
</div>
`;
