// Jest Snapshot v1, https://jestjs.io/docs/snapshot-testing

exports[`MyShelfPage matches snapshot 1`] = `
<div>
  <div>
    <h1
      class="sm:text-[25px] text-[23px] font-bold text-[#4D4D4D] mb-6 mt-4"
    >
      Your 
      <span
        class="text-[#EF8361]"
      >
        Shelf
      </span>
    </h1>
    <div
      class="flex space-x-16 pb-2 mb-6"
    >
      <button
        class="flex items-center justify-center focus:outline-none focus:ring-2 transition-all font-medium text-[#4D4D4D] sm:text-[20px] text-[18px]"
        type="button"
      >
        All Books
      </button>
      <button
        class="flex items-center justify-center focus:outline-none focus:ring-2 transition-all text-[#868686] hover:text-[#bfbebe] transition sm:text-[20px] text-[18px] font-medium"
        type="button"
      >
        Favourite
      </button>
    </div>
    <div
      class="flex flex-wrap gap-10 justify-center"
    >
      <div>
        <div
          class="flex items-center bg-white rounded-lg shadow-md p-4 w-[308px] h-[260px]"
        >
          <div
            class="w-3/5"
          >
            <div
              class="w-[160px] bg-white p-4 rounded-lg shadow-sm h-[260px] flex flex-col items-center cursor-pointer"
              role="button"
              tabindex="0"
            >
              <img
                alt="Don't Make Me Think"
                class="w-[130px] h-[170px] object-cover rounded-lg mx-auto"
                src="https://i.postimg.cc/qvgQxTNW/4aa430788b3938ca7d778a99fe0ff1587c81c67e.jpg"
              />
              <h2
                class="w-[130px] text-[12px] font-normal mt-2 truncate text-[#4D4D4D] mx-auto"
              >
                Don't Make Me Think
              </h2>
              <p
                class="w-[130px] text-[10px] text-[#4D4D4D] overflow-ellipsis whitespace-nowrap overflow-hidden mx-auto"
              >
                Steve Krug
                , 
                2000
              </p>
              <p
                class="w-[130px] text-[10px] text-[#4D4D4D] mx-auto"
              >
                4.5
                <span
                  class="text-[#A7A7A7]"
                >
                  /5
                </span>
              </p>
            </div>
          </div>
          <div
            class="w-2/5 flex flex-col justify-between items-center h-full ml-2"
          >
            <div>
              <p
                class="md:text-[15px] text-[13px] text-[#4D4D4D]"
              >
                Borrowed on
              </p>
              <p
                class="text-[10px] font-semibold text-[#747373]"
              >
                01 Jul 2025 12:22 PM
              </p>
            </div>
            <button
              class="flex items-center justify-center focus:outline-none focus:ring-2 transition-all rounded-[5px] p-[4px] [object Object] text-[12px] w-[70px] h-[25px] md:w-[85px] md:h-[30px] lg:w-[90px] lg:h-[35px] md:text-[14px]"
              type="button"
            >
              Return
            </button>
          </div>
        </div>
      </div>
      <div>
        <div
          class="flex items-center bg-white rounded-lg shadow-md p-4 w-[308px] h-[260px]"
        >
          <div
            class="w-3/5"
          >
            <div
              class="w-[160px] bg-white p-4 rounded-lg shadow-sm h-[260px] flex flex-col items-center cursor-pointer"
              role="button"
              tabindex="0"
            >
              <img
                alt="The Design of Everyday Things"
                class="w-[130px] h-[170px] object-cover rounded-lg mx-auto"
                src="https://i.postimg.cc/Mp16pvwY/cc2b60105e5d1b5aeba05608803badb375872868.jpg"
              />
              <h2
                class="w-[130px] text-[12px] font-normal mt-2 truncate text-[#4D4D4D] mx-auto"
              >
                The Design of Everyday Things
              </h2>
              <p
                class="w-[130px] text-[10px] text-[#4D4D4D] overflow-ellipsis whitespace-nowrap overflow-hidden mx-auto"
              >
                Don Norman
                , 
                1988
              </p>
              <p
                class="w-[130px] text-[10px] text-[#4D4D4D] mx-auto"
              >
                4.5
                <span
                  class="text-[#A7A7A7]"
                >
                  /5
                </span>
              </p>
            </div>
          </div>
          <div
            class="w-2/5 flex flex-col justify-between items-center h-full ml-2"
          >
            <div>
              <p
                class="md:text-[15px] text-[13px] text-[#4D4D4D]"
              >
                Borrowed on
              </p>
              <p
                class="text-[10px] font-semibold text-[#747373]"
              >
                02 Jul 2025 05:02 PM
              </p>
            </div>
            <button
              class="flex items-center justify-center focus:outline-none focus:ring-2 transition-all rounded-[5px] p-[4px] [object Object] text-[12px] w-[70px] h-[25px] md:w-[85px] md:h-[30px] lg:w-[90px] lg:h-[35px] md:text-[14px]"
              type="button"
            >
              Return
            </button>
          </div>
        </div>
      </div>
    </div>
  </div>
</div>
`;
