// Jest Snapshot v1, https://jestjs.io/docs/snapshot-testing

exports[`ActionIcon matches snapshot 1`] = `
<div>
  <div
    class="flex flex-col items-center justify-center cursor-pointer space-y-2 hover:bg-gray-100 p-2 rounded-lg transition-all"
  >
    <div>
      <span>
        ⭐
      </span>
    </div>
    <div
      class="text-center md:text-[13px] font-bold text-[#333333] sm:text-[11px] text-[10px]"
    >
      Star
    </div>
  </div>
</div>
`;
