// Jest Snapshot v1, https://jestjs.io/docs/snapshot-testing

exports[`Toast Component matches snapshot with multiple toasts 1`] = `
<DocumentFragment>
  <div
    class="fixed bottom-24 right-12 sm:right-24 z-50 space-y-2"
  >
    <div
      class="flex items-center p-4 rounded-lg shadow-lg max-w-md animate-slide-in bg-green-100 text-green-800"
    >
      <svg
        aria-hidden="true"
        class="w-6 h-6 mr-2"
        data-slot="icon"
        fill="none"
        stroke="currentColor"
        stroke-width="1.5"
        viewBox="0 0 24 24"
        xmlns="http://www.w3.org/2000/svg"
      >
        <path
          d="M9 12.75 11.25 15 15 9.75M21 12a9 9 0 1 1-18 0 9 9 0 0 1 18 0Z"
          stroke-linecap="round"
          stroke-linejoin="round"
        />
      </svg>
      <div
        class="flex-1"
      >
        <p
          class="text-sm"
        >
          Success!
        </p>
        ;
      </div>
      <button
        aria-label="Close toast"
        class="ml-4 text-current hover:text-opacity-80"
      >
        <svg
          aria-hidden="true"
          class="w-4 h-4"
          data-slot="icon"
          fill="none"
          stroke="currentColor"
          stroke-width="1.5"
          viewBox="0 0 24 24"
          xmlns="http://www.w3.org/2000/svg"
        >
          <path
            d="M6 18 18 6M6 6l12 12"
            stroke-linecap="round"
            stroke-linejoin="round"
          />
        </svg>
      </button>
    </div>
    <div
      class="flex items-center p-4 rounded-lg shadow-lg max-w-md animate-slide-in bg-red-100 text-red-800"
    >
      <svg
        aria-hidden="true"
        class="w-6 h-6 mr-2"
        data-slot="icon"
        fill="none"
        stroke="currentColor"
        stroke-width="1.5"
        viewBox="0 0 24 24"
        xmlns="http://www.w3.org/2000/svg"
      >
        <path
          d="m9.75 9.75 4.5 4.5m0-4.5-4.5 4.5M21 12a9 9 0 1 1-18 0 9 9 0 0 1 18 0Z"
          stroke-linecap="round"
          stroke-linejoin="round"
        />
      </svg>
      <div
        class="flex-1"
      >
        <p
          class="text-sm"
        >
          Error!
        </p>
        ;
      </div>
      <button
        aria-label="Close toast"
        class="ml-4 text-current hover:text-opacity-80"
      >
        <svg
          aria-hidden="true"
          class="w-4 h-4"
          data-slot="icon"
          fill="none"
          stroke="currentColor"
          stroke-width="1.5"
          viewBox="0 0 24 24"
          xmlns="http://www.w3.org/2000/svg"
        >
          <path
            d="M6 18 18 6M6 6l12 12"
            stroke-linecap="round"
            stroke-linejoin="round"
          />
        </svg>
      </button>
    </div>
  </div>
</DocumentFragment>
`;
