// Jest Snapshot v1, https://jestjs.io/docs/snapshot-testing

exports[`BookItem matches snapshot 1`] = `
<div>
  <div
    class="w-[160px] bg-white p-4 rounded-lg shadow-sm h-[260px] flex flex-col items-center cursor-pointer"
    role="button"
    tabindex="0"
  >
    <img
      alt="Don't Make Me Think"
      class="w-[130px] h-[170px] object-cover rounded-lg mx-auto"
      src="https://i.postimg.cc/qvgQxTNW/4aa430788b3938ca7d778a99fe0ff1587c81c67e.jpg"
    />
    <h2
      class="w-[130px] text-[12px] font-normal mt-2 truncate text-[#4D4D4D] mx-auto"
    >
      Don't Make Me Think
    </h2>
    <p
      class="w-[130px] text-[10px] text-[#4D4D4D] overflow-ellipsis whitespace-nowrap overflow-hidden mx-auto"
    >
      Steve Krug
      , 
      2000
    </p>
    <p
      class="w-[130px] text-[10px] text-[#4D4D4D] mx-auto"
    >
      4.5
      <span
        class="text-[#A7A7A7]"
      >
        /5
      </span>
    </p>
  </div>
</div>
`;
